// Jest Snapshot v1, https://goo.gl/fbAQLP

exports[`ContactSuccess Component should match snapshot 1`] = `
"<div class=\\"order-success\\"><h2 class=\\"text-center\\">Thank you :)</h2> <p>
    Great! We've received your message.
    We'll get back to you as soon as possible
  </p></div>"
`;
