// Jest Snapshot v1, https://goo.gl/fbAQLP

exports[`LoginForm component snapshot 1`] = `"<form><legend>Login</legend> <input type=\\"text\\" placeholder=\\"email\\"> <input type=\\"password\\" placeholder=\\"password\\"> <input type=\\"submit\\" value=\\"Login\\"></form>"`;
