// Jest Snapshot v1, https://goo.gl/fbAQLP

exports[`ContactSuccess Component should match snapshot 1`] = `

<div class="order-success">
  <div class="empty">
    <div class="empty-icon">
      <i class="icon icon-3x icon-check">
      </i>
    </div>
    <p class="empty-title h5">
      Thank you for getting in touch
    </p>
    <p class="empty-subtitle">
      We'll get back to you as soon as possible
    </p>
    <div class="empty-action">
      <a>
        Close
      </a>
    </div>
  </div>
</div>

`;
