// Jest Snapshot v1, https://goo.gl/fbAQLP

exports[`Dashboard component should match snapshot 1`] = `"<div class=\\"dashboard\\"><h2>DASHBOARD</h2> <div class=\\"columns\\"><div class=\\"column col-sm-12 col-6\\"><!----></div></div></div>"`;
