// Jest Snapshot v1, https://goo.gl/fbAQLP

exports[`FooterSection Component should match snapshot 1`] = `

<footer>
  Made with
  <span class="heart">
    ♥
  </span>
  by
  <span class="bugsters">
    Bugsters
  </span>
  <br>
  © 2018
</footer>

`;
