// Jest Snapshot v1, https://goo.gl/fbAQLP

exports[`Loader component should match snapshot 1`] = `

<div class="bugster-loader">
  <div class="loading loading-lg">
  </div>
</div>

`;
