// Jest Snapshot v1, https://goo.gl/fbAQLP

exports[`LoginForm component snapshot 1`] = `"<div class=\\"login-form\\"><div class=\\"container\\"><div class=\\"columns\\"><div class=\\"column col-6 col-sm-8 col-mx-auto\\"><h2 class=\\"section-title\\">Log In</h2> <!----> <!----> <form class=\\"form-horizontal\\"><div class=\\"form-group\\"><div class=\\"col-3 col-xs-12\\"><label for=\\"email\\" class=\\"form-label\\">Email</label></div> <div class=\\"col-9 col-xs-12\\"><input type=\\"email\\" name=\\"email\\" placeholder=\\"Email\\" class=\\"form-input\\" data-vv-id=\\"9\\" aria-required=\\"true\\" aria-invalid=\\"false\\"></div></div> <div class=\\"form-group\\"><div class=\\"col-3 col-xs-12\\"><label for=\\"password\\" class=\\"form-label\\">Password</label></div> <div class=\\"col-9 col-xs-12\\"><input type=\\"password\\" name=\\"password\\" placeholder=\\"password\\" class=\\"form-input\\" data-vv-id=\\"10\\" aria-required=\\"true\\" aria-invalid=\\"false\\"></div></div> <div class=\\"form-buttons\\"><button type=\\"submit\\" class=\\"btn btn-primary\\">Log In</button> <a href=\\"#/\\" class=\\"btn btn-link router-link-active\\">Cancel</a></div></form></div></div></div></div>"`;

exports[`LoginForm component snapshot with form error 1`] = `"<div class=\\"login-form\\"><div class=\\"container\\"><div class=\\"columns\\"><div class=\\"column col-6 col-sm-8 col-mx-auto\\"><h2 class=\\"section-title\\">Log In</h2> <!----> <div><span>Form contains errors, please check the red fields.</span></div> <form class=\\"form-horizontal\\"><div class=\\"form-group\\"><div class=\\"col-3 col-xs-12\\"><label for=\\"email\\" class=\\"form-label\\">Email</label></div> <div class=\\"col-9 col-xs-12\\"><input type=\\"email\\" name=\\"email\\" placeholder=\\"Email\\" class=\\"form-input\\" data-vv-id=\\"13\\" aria-required=\\"true\\" aria-invalid=\\"false\\"></div></div> <div class=\\"form-group\\"><div class=\\"col-3 col-xs-12\\"><label for=\\"password\\" class=\\"form-label\\">Password</label></div> <div class=\\"col-9 col-xs-12\\"><input type=\\"password\\" name=\\"password\\" placeholder=\\"password\\" class=\\"form-input\\" data-vv-id=\\"14\\" aria-required=\\"true\\" aria-invalid=\\"false\\"></div></div> <div class=\\"form-buttons\\"><button type=\\"submit\\" class=\\"btn btn-primary\\">Log In</button> <a href=\\"#/\\" class=\\"btn btn-link router-link-active\\">Cancel</a></div></form></div></div></div></div>"`;

exports[`LoginForm component snapshot with login error 1`] = `"<div class=\\"login-form\\"><div class=\\"container\\"><div class=\\"columns\\"><div class=\\"column col-6 col-sm-8 col-mx-auto\\"><h2 class=\\"section-title\\">Log In</h2> <div><span>Username or password does not exist!</span></div> <!----> <form class=\\"form-horizontal\\"><div class=\\"form-group\\"><div class=\\"col-3 col-xs-12\\"><label for=\\"email\\" class=\\"form-label\\">Email</label></div> <div class=\\"col-9 col-xs-12\\"><input type=\\"email\\" name=\\"email\\" placeholder=\\"Email\\" class=\\"form-input\\" data-vv-id=\\"11\\" aria-required=\\"true\\" aria-invalid=\\"false\\"></div></div> <div class=\\"form-group\\"><div class=\\"col-3 col-xs-12\\"><label for=\\"password\\" class=\\"form-label\\">Password</label></div> <div class=\\"col-9 col-xs-12\\"><input type=\\"password\\" name=\\"password\\" placeholder=\\"password\\" class=\\"form-input\\" data-vv-id=\\"12\\" aria-required=\\"true\\" aria-invalid=\\"false\\"></div></div> <div class=\\"form-buttons\\"><button type=\\"submit\\" class=\\"btn btn-primary\\">Log In</button> <a href=\\"#/\\" class=\\"btn btn-link router-link-active\\">Cancel</a></div></form></div></div></div></div>"`;
