// Jest Snapshot v1, https://goo.gl/fbAQLP

exports[`MenuBar component should match snapshot 1`] = `

<div class="bugster-menubar">
  <div class="bugster-menubar__menu">
  </div>
  <div class="bugster-menubar__link">
  </div>
</div>

`;
