// Jest Snapshot v1, https://goo.gl/fbAQLP

exports[`OrderDetails component should match snapshot 1`] = `

<div>
  <h2>
    Order Details
  </h2>
</div>

`;
