// Jest Snapshot v1, https://goo.gl/fbAQLP

exports[`ScrollMenuItem component should match snapshot 1`] = `"<li class=\\"nav-item\\"><a></a></li>"`;
